日志开始: 2026-01-25 03:30:09
============================================================
Using CUDA GPU
加载 CIFAR-10 数据集...
转换数据到张量...
训练集: torch.Size([50000, 3, 32, 32]), 测试集: torch.Size([10000, 3, 32, 32])
类别: ['airplane', 'automobile', 'bird', 'cat', 'deer', 'dog', 'frog', 'horse', 'ship', 'truck']

初始化 VGG16...
总参数量: 15,245,130 (15.2M)

开始训练...
超参数: batch_size=64, epochs=100, lr=0.01, weight_decay=0.0005
改进: 数据增强(翻转+裁剪) + 小FC(512) + L2正则化
------------------------------------------------------------
  Batch 0/781, loss=3.9065
  Batch 100/781, loss=2.2450
  Batch 200/781, loss=2.1448
  Batch 300/781, loss=2.0143
  Batch 400/781, loss=1.9848
  Batch 500/781, loss=2.0507

============================================================
训练被中断！

============================================================
=== 最终评估 ===
未完成任何 epoch，无法评估
