日志开始: 2026-01-25 03:30:35
============================================================
Using CUDA GPU
加载 CIFAR-10 数据集...
转换数据到张量...
训练集: torch.Size([50000, 3, 32, 32]), 测试集: torch.Size([10000, 3, 32, 32])
类别: ['airplane', 'automobile', 'bird', 'cat', 'deer', 'dog', 'frog', 'horse', 'ship', 'truck']

初始化 VGG16...
总参数量: 15,245,130 (15.2M)

开始训练...
超参数: batch_size=64, epochs=100, lr=0.01, weight_decay=0.0005
改进: 数据增强(翻转+裁剪) + 小FC(512) + L2正则化
------------------------------------------------------------
  Batch 0/781, loss=4.0238
  Batch 100/781, loss=2.1166
  Batch 200/781, loss=2.3317
  Batch 300/781, loss=1.9693
  Batch 400/781, loss=2.1118
  Batch 500/781, loss=1.9968
  Batch 600/781, loss=1.9230
  Batch 700/781, loss=1.8709
Epoch 0: train_loss=2.0393, train_acc=0.2338, test_acc=0.3509 [NEW BEST - saved]
  Batch 0/781, loss=1.9519

============================================================
训练被中断！

============================================================
=== 最终评估 ===
完成 Epoch 数: 1/100
最终测试准确率: 0.3509
最佳测试准确率: 0.3509 (Epoch 0)
最终训练准确率: 0.2338
过拟合差距: -0.1171 (越小越好)
已恢复最佳参数 (Epoch 0)
最佳模型已保存到: 04_cnn/vgg16_cifar10_v2_best_20260125_033104.pt

报告已保存到 04_cnn/Figure_vgg16_cifar10_v2.png
日志已保存到 04_cnn/vgg16_cifar10_v2_20260125_033035.log
============================================================
日志结束: 2026-01-25 03:31:10
