日志开始: 2026-01-25 03:10:33
============================================================
Using CUDA GPU
加载 CIFAR-10 数据集...
转换数据到张量...
训练集: torch.Size([50000, 3, 32, 32]), 测试集: torch.Size([10000, 3, 32, 32])
类别: ['airplane', 'automobile', 'bird', 'cat', 'deer', 'dog', 'frog', 'horse', 'ship', 'truck']

初始化 VGG16...
总参数量: 33,638,218 (33.6M)

开始训练...
超参数: batch_size=64, epochs=20, lr=0.01
------------------------------------------------------------
  Batch 0/781, loss=4.8199
  Batch 100/781, loss=2.0626
  Batch 200/781, loss=2.0166
  Batch 300/781, loss=1.8991
  Batch 400/781, loss=1.8145
  Batch 500/781, loss=2.1061
  Batch 600/781, loss=1.8807
  Batch 700/781, loss=1.7421
Epoch 0: train_loss=1.9480, train_acc=0.2738, test_acc=0.2388
  Batch 0/781, loss=2.2055
  Batch 100/781, loss=1.9443
  Batch 200/781, loss=1.8675
  Batch 300/781, loss=1.3724
  Batch 400/781, loss=1.3816
  Batch 500/781, loss=1.3101
  Batch 600/781, loss=1.2976
  Batch 700/781, loss=1.3898
Epoch 1: train_loss=1.5344, train_acc=0.4353, test_acc=0.4958
  Batch 0/781, loss=1.3768
  Batch 100/781, loss=1.3619
  Batch 200/781, loss=1.3985
  Batch 300/781, loss=1.3659
  Batch 400/781, loss=1.0830
  Batch 500/781, loss=1.3667
  Batch 600/781, loss=1.3250
  Batch 700/781, loss=1.1885
Epoch 2: train_loss=1.3340, train_acc=0.5138, test_acc=0.5375
  Batch 0/781, loss=1.2341
  Batch 100/781, loss=1.2940
  Batch 200/781, loss=1.4670
  Batch 300/781, loss=1.1922
  Batch 400/781, loss=1.0098
  Batch 500/781, loss=1.1003
  Batch 600/781, loss=1.2291
  Batch 700/781, loss=0.9667
Epoch 3: train_loss=1.1759, train_acc=0.5779, test_acc=0.5184
  Batch 0/781, loss=1.1118
  Batch 100/781, loss=1.4334
  Batch 200/781, loss=1.1680
  Batch 300/781, loss=0.9234
  Batch 400/781, loss=1.2934
  Batch 500/781, loss=0.9358
  Batch 600/781, loss=0.9961
  Batch 700/781, loss=1.0096
Epoch 4: train_loss=1.0411, train_acc=0.6320, test_acc=0.5862
  Batch 0/781, loss=0.9552
  Batch 100/781, loss=0.8814
  Batch 200/781, loss=0.9531
  Batch 300/781, loss=0.9769
  Batch 400/781, loss=0.8048
  Batch 500/781, loss=0.7719
  Batch 600/781, loss=0.8887
  Batch 700/781, loss=0.8989
Epoch 5: train_loss=0.9120, train_acc=0.6799, test_acc=0.5918
  Batch 0/781, loss=0.9541
  Batch 100/781, loss=0.9712
  Batch 200/781, loss=0.8312
  Batch 300/781, loss=0.7534
  Batch 400/781, loss=1.1592
  Batch 500/781, loss=0.8775
  Batch 600/781, loss=0.9378
  Batch 700/781, loss=0.9092
Epoch 6: train_loss=0.8081, train_acc=0.7156, test_acc=0.6667
  Batch 0/781, loss=0.6558
  Batch 100/781, loss=0.7901
  Batch 200/781, loss=0.7726
  Batch 300/781, loss=0.6269
  Batch 400/781, loss=0.6272
  Batch 500/781, loss=0.6717
  Batch 600/781, loss=0.6581
  Batch 700/781, loss=0.5834
Epoch 7: train_loss=0.7049, train_acc=0.7528, test_acc=0.6595
  Batch 0/781, loss=0.6968
  Batch 100/781, loss=0.5587
  Batch 200/781, loss=0.6114
  Batch 300/781, loss=0.5883
  Batch 400/781, loss=0.6759
  Batch 500/781, loss=0.5631
  Batch 600/781, loss=0.4396
  Batch 700/781, loss=0.5209
Epoch 8: train_loss=0.6094, train_acc=0.7860, test_acc=0.6755
  Batch 0/781, loss=0.5983
  Batch 100/781, loss=0.4170
  Batch 200/781, loss=0.7459
  Batch 300/781, loss=0.7015
  Batch 400/781, loss=0.5093
  Batch 500/781, loss=0.5423
  Batch 600/781, loss=0.4506
  Batch 700/781, loss=0.6249
Epoch 9: train_loss=0.5256, train_acc=0.8189, test_acc=0.7060
  学习率衰减到 0.001
  Batch 0/781, loss=0.4833
  Batch 100/781, loss=0.3339
  Batch 200/781, loss=0.2760
  Batch 300/781, loss=0.3139
  Batch 400/781, loss=0.2038
  Batch 500/781, loss=0.3280
  Batch 600/781, loss=0.2383
  Batch 700/781, loss=0.2620
Epoch 10: train_loss=0.2675, train_acc=0.9125, test_acc=0.7419
  Batch 0/781, loss=0.2277
  Batch 100/781, loss=0.2447
  Batch 200/781, loss=0.3264
  Batch 300/781, loss=0.2315
  Batch 400/781, loss=0.1905
  Batch 500/781, loss=0.2257
  Batch 600/781, loss=0.1623
  Batch 700/781, loss=0.3023
Epoch 11: train_loss=0.1984, train_acc=0.9360, test_acc=0.7445
  Batch 0/781, loss=0.1308
  Batch 100/781, loss=0.1215
  Batch 200/781, loss=0.1578
  Batch 300/781, loss=0.2647
  Batch 400/781, loss=0.2517
  Batch 500/781, loss=0.0350
  Batch 600/781, loss=0.1290
  Batch 700/781, loss=0.1235
Epoch 12: train_loss=0.1584, train_acc=0.9508, test_acc=0.7435
  Batch 0/781, loss=0.0717
  Batch 100/781, loss=0.1005
  Batch 200/781, loss=0.1885
  Batch 300/781, loss=0.1387
  Batch 400/781, loss=0.0829
  Batch 500/781, loss=0.1033
  Batch 600/781, loss=0.1699
  Batch 700/781, loss=0.0452
Epoch 13: train_loss=0.1286, train_acc=0.9619, test_acc=0.7432
  Batch 0/781, loss=0.0443
  Batch 100/781, loss=0.1741
  Batch 200/781, loss=0.0980
  Batch 300/781, loss=0.1208
  Batch 400/781, loss=0.1043
  Batch 500/781, loss=0.1003
  Batch 600/781, loss=0.2418
  Batch 700/781, loss=0.0621
Epoch 14: train_loss=0.1027, train_acc=0.9715, test_acc=0.7396
  Batch 0/781, loss=0.0441
  Batch 100/781, loss=0.0183
  Batch 200/781, loss=0.0685
  Batch 300/781, loss=0.0641
  Batch 400/781, loss=0.0800
  Batch 500/781, loss=0.1581
  Batch 600/781, loss=0.2407
  Batch 700/781, loss=0.0660
Epoch 15: train_loss=0.0819, train_acc=0.9781, test_acc=0.7404
  Batch 0/781, loss=0.0250
  Batch 100/781, loss=0.0622
  Batch 200/781, loss=0.1003
  Batch 300/781, loss=0.0758
  Batch 400/781, loss=0.0618
  Batch 500/781, loss=0.0369
  Batch 600/781, loss=0.0435
  Batch 700/781, loss=0.0795
Epoch 16: train_loss=0.0647, train_acc=0.9843, test_acc=0.7372
  Batch 0/781, loss=0.0643
  Batch 100/781, loss=0.0350
  Batch 200/781, loss=0.0249
  Batch 300/781, loss=0.0290
  Batch 400/781, loss=0.0292
  Batch 500/781, loss=0.0392
  Batch 600/781, loss=0.1005
  Batch 700/781, loss=0.0366
Epoch 17: train_loss=0.0498, train_acc=0.9896, test_acc=0.7412
  Batch 0/781, loss=0.0320
  Batch 100/781, loss=0.0122
  Batch 200/781, loss=0.0323
  Batch 300/781, loss=0.0514
  Batch 400/781, loss=0.0446
  Batch 500/781, loss=0.0515
  Batch 600/781, loss=0.0189
  Batch 700/781, loss=0.0311
Epoch 18: train_loss=0.0393, train_acc=0.9921, test_acc=0.7380
  Batch 0/781, loss=0.0563
  Batch 100/781, loss=0.0694
  Batch 200/781, loss=0.0074
  Batch 300/781, loss=0.0460
  Batch 400/781, loss=0.0217
  Batch 500/781, loss=0.0415
  Batch 600/781, loss=0.0252
  Batch 700/781, loss=0.0623
Epoch 19: train_loss=0.0318, train_acc=0.9943, test_acc=0.7373
  学习率衰减到 0.0001

============================================================
=== 最终评估 ===
测试集准确率: 0.7373
最佳测试准确率: 0.7445 (Epoch 11)

报告已保存到 04_cnn/Figure_vgg16_cifar10_v2.png
日志已保存到 04_cnn/vgg16_cifar10_v2_20260125_031033.log
============================================================
日志结束: 2026-01-25 03:18:04
